
## ---------------------- ##
## Running config.status. ##
## ---------------------- ##

This file was extended by OpenSmalltalk VM config.status devel, which was
generated by GNU Autoconf 2.69.  Invocation command line was

  CONFIG_FILES    = 
  CONFIG_HEADERS  = 
  CONFIG_LINKS    = 
  CONFIG_COMMANDS = 
  $ ./config.status 

on x86mint

config.status:1246: creating mkconfig
config.status:1246: creating make.cfg
config.status:1246: creating make.int
config.status:1246: creating make.ext
config.status:1246: creating make.prg
config.status:1246: creating inisqueak
config.status:1246: creating Makefile
config.status:1246: creating config.h
config.status:1425: executing libtool commands
config.status:1425: executing default commands

## ---------------------- ##
## Running config.status. ##
## ---------------------- ##

This file was extended by OpenSmalltalk VM config.status devel, which was
generated by GNU Autoconf 2.69.  Invocation command line was

  CONFIG_FILES    = 
  CONFIG_HEADERS  = 
  CONFIG_LINKS    = 
  CONFIG_COMMANDS = 
  $ ./config.status 

on x86mint

config.status:1246: creating mkconfig
config.status:1246: creating make.cfg
config.status:1246: creating make.int
config.status:1246: creating make.ext
config.status:1246: creating make.prg
config.status:1246: creating inisqueak
config.status:1246: creating Makefile
config.status:1246: creating config.h
config.status:1425: executing libtool commands
config.status:1425: executing default commands

## ---------------------- ##
## Running config.status. ##
## ---------------------- ##

This file was extended by OpenSmalltalk VM config.status devel, which was
generated by GNU Autoconf 2.69.  Invocation command line was

  CONFIG_FILES    = 
  CONFIG_HEADERS  = 
  CONFIG_LINKS    = 
  CONFIG_COMMANDS = 
  $ ./config.status 

on x86mint

config.status:1246: creating mkconfig
config.status:1246: creating make.cfg
config.status:1246: creating make.int
config.status:1246: creating make.ext
config.status:1246: creating make.prg
config.status:1246: creating inisqueak
config.status:1246: creating Makefile
config.status:1246: creating config.h
config.status:1425: executing libtool commands
config.status:1425: executing default commands

## ---------------------- ##
## Running config.status. ##
## ---------------------- ##

This file was extended by OpenSmalltalk VM config.status devel, which was
generated by GNU Autoconf 2.69.  Invocation command line was

  CONFIG_FILES    = 
  CONFIG_HEADERS  = 
  CONFIG_LINKS    = 
  CONFIG_COMMANDS = 
  $ ./config.status 

on x86mint

config.status:1246: creating mkconfig
config.status:1246: creating make.cfg
config.status:1246: creating make.int
config.status:1246: creating make.ext
config.status:1246: creating make.prg
config.status:1246: creating inisqueak
config.status:1246: creating Makefile
config.status:1246: creating config.h
config.status:1425: executing libtool commands
config.status:1425: executing default commands

## ---------------------- ##
## Running config.status. ##
## ---------------------- ##

This file was extended by OpenSmalltalk VM config.status devel, which was
generated by GNU Autoconf 2.69.  Invocation command line was

  CONFIG_FILES    = 
  CONFIG_HEADERS  = 
  CONFIG_LINKS    = 
  CONFIG_COMMANDS = 
  $ ./config.status 

on x86mint

config.status:1246: creating mkconfig
config.status:1246: creating make.cfg
config.status:1246: creating make.int
config.status:1246: creating make.ext
config.status:1246: creating make.prg
config.status:1246: creating inisqueak
config.status:1246: creating Makefile
config.status:1246: creating config.h
config.status:1425: executing libtool commands
config.status:1425: executing default commands

## ---------------------- ##
## Running config.status. ##
## ---------------------- ##

This file was extended by OpenSmalltalk VM config.status devel, which was
generated by GNU Autoconf 2.69.  Invocation command line was

  CONFIG_FILES    = 
  CONFIG_HEADERS  = 
  CONFIG_LINKS    = 
  CONFIG_COMMANDS = 
  $ ./config.status 

on x86mint

config.status:1246: creating mkconfig
config.status:1246: creating make.cfg
config.status:1246: creating make.int
config.status:1246: creating make.ext
config.status:1246: creating make.prg
config.status:1246: creating inisqueak
config.status:1246: creating Makefile
config.status:1246: creating config.h
config.status:1425: executing libtool commands
config.status:1425: executing default commands

## ---------------------- ##
## Running config.status. ##
## ---------------------- ##

This file was extended by OpenSmalltalk VM config.status devel, which was
generated by GNU Autoconf 2.69.  Invocation command line was

  CONFIG_FILES    = 
  CONFIG_HEADERS  = 
  CONFIG_LINKS    = 
  CONFIG_COMMANDS = 
  $ ./config.status 

on x86mint

config.status:1246: creating mkconfig
config.status:1246: creating make.cfg
config.status:1246: creating make.int
config.status:1246: creating make.ext
config.status:1246: creating make.prg
config.status:1246: creating inisqueak
config.status:1246: creating Makefile
config.status:1246: creating config.h
config.status:1425: executing libtool commands
config.status:1425: executing default commands

## ---------------------- ##
## Running config.status. ##
## ---------------------- ##

This file was extended by OpenSmalltalk VM config.status devel, which was
generated by GNU Autoconf 2.69.  Invocation command line was

  CONFIG_FILES    = 
  CONFIG_HEADERS  = 
  CONFIG_LINKS    = 
  CONFIG_COMMANDS = 
  $ ./config.status 

on x86mint

config.status:1246: creating mkconfig
config.status:1246: creating make.cfg
config.status:1246: creating make.int
config.status:1246: creating make.ext
config.status:1246: creating make.prg
config.status:1246: creating inisqueak
config.status:1246: creating Makefile
config.status:1246: creating config.h
config.status:1425: executing libtool commands
config.status:1425: executing default commands

## ---------------------- ##
## Running config.status. ##
## ---------------------- ##

This file was extended by OpenSmalltalk VM config.status devel, which was
generated by GNU Autoconf 2.69.  Invocation command line was

  CONFIG_FILES    = 
  CONFIG_HEADERS  = 
  CONFIG_LINKS    = 
  CONFIG_COMMANDS = 
  $ ./config.status 

on x86mint

config.status:1246: creating mkconfig
config.status:1246: creating make.cfg
config.status:1246: creating make.int
config.status:1246: creating make.ext
config.status:1246: creating make.prg
config.status:1246: creating inisqueak
config.status:1246: creating Makefile
config.status:1246: creating config.h
config.status:1425: executing libtool commands
config.status:1425: executing default commands

## ---------------------- ##
## Running config.status. ##
## ---------------------- ##

This file was extended by OpenSmalltalk VM config.status devel, which was
generated by GNU Autoconf 2.69.  Invocation command line was

  CONFIG_FILES    = 
  CONFIG_HEADERS  = 
  CONFIG_LINKS    = 
  CONFIG_COMMANDS = 
  $ ./config.status 

on x86mint

config.status:1246: creating mkconfig
config.status:1246: creating make.cfg
config.status:1246: creating make.int
config.status:1246: creating make.ext
config.status:1246: creating make.prg
config.status:1246: creating inisqueak
config.status:1246: creating Makefile
config.status:1246: creating config.h
config.status:1425: executing libtool commands
config.status:1425: executing default commands

## ---------------------- ##
## Running config.status. ##
## ---------------------- ##

This file was extended by OpenSmalltalk VM config.status devel, which was
generated by GNU Autoconf 2.69.  Invocation command line was

  CONFIG_FILES    = 
  CONFIG_HEADERS  = 
  CONFIG_LINKS    = 
  CONFIG_COMMANDS = 
  $ ./config.status 

on x86mint

config.status:1246: creating mkconfig
config.status:1246: creating make.cfg
config.status:1246: creating make.int
config.status:1246: creating make.ext
config.status:1246: creating make.prg
config.status:1246: creating inisqueak
config.status:1246: creating Makefile
config.status:1246: creating config.h
config.status:1425: executing libtool commands
config.status:1425: executing default commands

## ---------------------- ##
## Running config.status. ##
## ---------------------- ##

This file was extended by OpenSmalltalk VM config.status devel, which was
generated by GNU Autoconf 2.69.  Invocation command line was

  CONFIG_FILES    = 
  CONFIG_HEADERS  = 
  CONFIG_LINKS    = 
  CONFIG_COMMANDS = 
  $ ./config.status 

on x86mint

config.status:1246: creating mkconfig
config.status:1246: creating make.cfg
config.status:1246: creating make.int
config.status:1246: creating make.ext
config.status:1246: creating make.prg
config.status:1246: creating inisqueak
config.status:1246: creating Makefile
config.status:1246: creating config.h
config.status:1425: executing libtool commands
config.status:1425: executing default commands

## ---------------------- ##
## Running config.status. ##
## ---------------------- ##

This file was extended by OpenSmalltalk VM config.status devel, which was
generated by GNU Autoconf 2.69.  Invocation command line was

  CONFIG_FILES    = 
  CONFIG_HEADERS  = 
  CONFIG_LINKS    = 
  CONFIG_COMMANDS = 
  $ ./config.status 

on x86mint

config.status:1246: creating mkconfig
config.status:1246: creating make.cfg
config.status:1246: creating make.int
config.status:1246: creating make.ext
config.status:1246: creating make.prg
config.status:1246: creating inisqueak
config.status:1246: creating Makefile
config.status:1246: creating config.h
config.status:1425: executing libtool commands
config.status:1425: executing default commands
